%!Adobe-FontList 1.11
%Locale:0x41e

%BeginFont
Handler:DirectoryHandler
FontType:Invalid
OutlineFileName:C:\AppServ\www\yatalae\Font\angsa.php
FileModTime:1212840000
%EndFont

%BeginFont
Handler:DirectoryHandler
FontType:Invalid
OutlineFileName:C:\AppServ\www\yatalae\Font\angsa.z
FileModTime:1212840000
%EndFont

%BeginFont
Handler:DirectoryHandler
FontType:Invalid
OutlineFileName:C:\AppServ\www\yatalae\Font\angsab.php
FileModTime:1212840000
%EndFont

%BeginFont
Handler:DirectoryHandler
FontType:Invalid
OutlineFileName:C:\AppServ\www\yatalae\Font\angsab.z
FileModTime:1212840000
%EndFont

%BeginFont
Handler:DirectoryHandler
FontType:Invalid
OutlineFileName:C:\AppServ\www\yatalae\Font\angsai.php
FileModTime:1212840000
%EndFont

%BeginFont
Handler:DirectoryHandler
FontType:Invalid
OutlineFileName:C:\AppServ\www\yatalae\Font\angsai.z
FileModTime:1212840000
%EndFont

%BeginFont
Handler:DirectoryHandler
FontType:Invalid
OutlineFileName:C:\AppServ\www\yatalae\Font\angsaz.php
FileModTime:1212840000
%EndFont

%BeginFont
Handler:DirectoryHandler
FontType:Invalid
OutlineFileName:C:\AppServ\www\yatalae\Font\angsaz.z
FileModTime:1212840000
%EndFont

%BeginFont
Handler:DirectoryHandler
FontType:Invalid
OutlineFileName:C:\AppServ\www\yatalae\Font\browa.php
FileModTime:1212840000
%EndFont

%BeginFont
Handler:DirectoryHandler
FontType:Invalid
OutlineFileName:C:\AppServ\www\yatalae\Font\browa.z
FileModTime:1212840000
%EndFont

%BeginFont
Handler:DirectoryHandler
FontType:Invalid
OutlineFileName:C:\AppServ\www\yatalae\Font\browab.php
FileModTime:1212840000
%EndFont

%BeginFont
Handler:DirectoryHandler
FontType:Invalid
OutlineFileName:C:\AppServ\www\yatalae\Font\browab.z
FileModTime:1212840000
%EndFont

%BeginFont
Handler:DirectoryHandler
FontType:Invalid
OutlineFileName:C:\AppServ\www\yatalae\Font\browai.php
FileModTime:1212840000
%EndFont

%BeginFont
Handler:DirectoryHandler
FontType:Invalid
OutlineFileName:C:\AppServ\www\yatalae\Font\browai.z
FileModTime:1212840000
%EndFont

%BeginFont
Handler:DirectoryHandler
FontType:Invalid
OutlineFileName:C:\AppServ\www\yatalae\Font\browaz.php
FileModTime:1212840000
%EndFont

%BeginFont
Handler:DirectoryHandler
FontType:Invalid
OutlineFileName:C:\AppServ\www\yatalae\Font\browaz.z
FileModTime:1212840000
%EndFont

%BeginFont
Handler:DirectoryHandler
FontType:Invalid
OutlineFileName:C:\AppServ\www\yatalae\Font\cordia.php
FileModTime:1212840000
%EndFont

%BeginFont
Handler:DirectoryHandler
FontType:Invalid
OutlineFileName:C:\AppServ\www\yatalae\Font\cordia.z
FileModTime:1212840000
%EndFont

%BeginFont
Handler:DirectoryHandler
FontType:Invalid
OutlineFileName:C:\AppServ\www\yatalae\Font\cordiab.php
FileModTime:1212840000
%EndFont

%BeginFont
Handler:DirectoryHandler
FontType:Invalid
OutlineFileName:C:\AppServ\www\yatalae\Font\cordiab.z
FileModTime:1212840000
%EndFont

%BeginFont
Handler:DirectoryHandler
FontType:Invalid
OutlineFileName:C:\AppServ\www\yatalae\Font\cordiai.php
FileModTime:1212840000
%EndFont

%BeginFont
Handler:DirectoryHandler
FontType:Invalid
OutlineFileName:C:\AppServ\www\yatalae\Font\cordiai.z
FileModTime:1212840000
%EndFont

%BeginFont
Handler:DirectoryHandler
FontType:Invalid
OutlineFileName:C:\AppServ\www\yatalae\Font\cordiaz.php
FileModTime:1212840000
%EndFont

%BeginFont
Handler:DirectoryHandler
FontType:Invalid
OutlineFileName:C:\AppServ\www\yatalae\Font\cordiaz.z
FileModTime:1212840000
%EndFont

%BeginFont
Handler:DirectoryHandler
FontType:Invalid
OutlineFileName:C:\AppServ\www\yatalae\Font\courier.php
FileModTime:1212840000
%EndFont

%BeginFont
Handler:DirectoryHandler
FontType:Invalid
OutlineFileName:C:\AppServ\www\yatalae\Font\dill.php
FileModTime:1212840000
%EndFont

%BeginFont
Handler:DirectoryHandler
FontType:Invalid
OutlineFileName:C:\AppServ\www\yatalae\Font\dill.z
FileModTime:1212840000
%EndFont

%BeginFont
Handler:DirectoryHandler
FontType:Invalid
OutlineFileName:C:\AppServ\www\yatalae\Font\dillb.php
FileModTime:1212840000
%EndFont

%BeginFont
Handler:DirectoryHandler
FontType:Invalid
OutlineFileName:C:\AppServ\www\yatalae\Font\dillb.z
FileModTime:1212840000
%EndFont

%BeginFont
Handler:DirectoryHandler
FontType:Invalid
OutlineFileName:C:\AppServ\www\yatalae\Font\dilli.php
FileModTime:1212840000
%EndFont

%BeginFont
Handler:DirectoryHandler
FontType:Invalid
OutlineFileName:C:\AppServ\www\yatalae\Font\dilli.z
FileModTime:1212840000
%EndFont

%BeginFont
Handler:DirectoryHandler
FontType:Invalid
OutlineFileName:C:\AppServ\www\yatalae\Font\dillz.php
FileModTime:1212840000
%EndFont

%BeginFont
Handler:DirectoryHandler
FontType:Invalid
OutlineFileName:C:\AppServ\www\yatalae\Font\dillz.z
FileModTime:1212840000
%EndFont

%BeginFont
Handler:DirectoryHandler
FontType:Invalid
OutlineFileName:C:\AppServ\www\yatalae\Font\eucro.php
FileModTime:1212840000
%EndFont

%BeginFont
Handler:DirectoryHandler
FontType:Invalid
OutlineFileName:C:\AppServ\www\yatalae\Font\eucro.z
FileModTime:1212840000
%EndFont

%BeginFont
Handler:DirectoryHandler
FontType:Invalid
OutlineFileName:C:\AppServ\www\yatalae\Font\eucrob.php
FileModTime:1212840000
%EndFont

%BeginFont
Handler:DirectoryHandler
FontType:Invalid
OutlineFileName:C:\AppServ\www\yatalae\Font\eucrob.z
FileModTime:1212840000
%EndFont

%BeginFont
Handler:DirectoryHandler
FontType:Invalid
OutlineFileName:C:\AppServ\www\yatalae\Font\eucroi.php
FileModTime:1212840000
%EndFont

%BeginFont
Handler:DirectoryHandler
FontType:Invalid
OutlineFileName:C:\AppServ\www\yatalae\Font\eucroi.z
FileModTime:1212840000
%EndFont

%BeginFont
Handler:DirectoryHandler
FontType:Invalid
OutlineFileName:C:\AppServ\www\yatalae\Font\eucroz.php
FileModTime:1212840000
%EndFont

%BeginFont
Handler:DirectoryHandler
FontType:Invalid
OutlineFileName:C:\AppServ\www\yatalae\Font\eucroz.z
FileModTime:1212840000
%EndFont

%BeginFont
Handler:DirectoryHandler
FontType:Invalid
OutlineFileName:C:\AppServ\www\yatalae\Font\free.php
FileModTime:1212840000
%EndFont

%BeginFont
Handler:DirectoryHandler
FontType:Invalid
OutlineFileName:C:\AppServ\www\yatalae\Font\free.z
FileModTime:1212840000
%EndFont

%BeginFont
Handler:DirectoryHandler
FontType:Invalid
OutlineFileName:C:\AppServ\www\yatalae\Font\freeb.php
FileModTime:1212840000
%EndFont

%BeginFont
Handler:DirectoryHandler
FontType:Invalid
OutlineFileName:C:\AppServ\www\yatalae\Font\freeb.z
FileModTime:1212840000
%EndFont

%BeginFont
Handler:DirectoryHandler
FontType:Invalid
OutlineFileName:C:\AppServ\www\yatalae\Font\freei.php
FileModTime:1212840000
%EndFont

%BeginFont
Handler:DirectoryHandler
FontType:Invalid
OutlineFileName:C:\AppServ\www\yatalae\Font\freei.z
FileModTime:1212840000
%EndFont

%BeginFont
Handler:DirectoryHandler
FontType:Invalid
OutlineFileName:C:\AppServ\www\yatalae\Font\freez.php
FileModTime:1212840000
%EndFont

%BeginFont
Handler:DirectoryHandler
FontType:Invalid
OutlineFileName:C:\AppServ\www\yatalae\Font\freez.z
FileModTime:1212840000
%EndFont

%BeginFont
Handler:DirectoryHandler
FontType:Invalid
OutlineFileName:C:\AppServ\www\yatalae\Font\helvetica.php
FileModTime:1212840000
%EndFont

%BeginFont
Handler:DirectoryHandler
FontType:Invalid
OutlineFileName:C:\AppServ\www\yatalae\Font\helveticab.php
FileModTime:1212840000
%EndFont

%BeginFont
Handler:DirectoryHandler
FontType:Invalid
OutlineFileName:C:\AppServ\www\yatalae\Font\helveticabi.php
FileModTime:1212840000
%EndFont

%BeginFont
Handler:DirectoryHandler
FontType:Invalid
OutlineFileName:C:\AppServ\www\yatalae\Font\helveticai.php
FileModTime:1212840000
%EndFont

%BeginFont
Handler:DirectoryHandler
FontType:Invalid
OutlineFileName:C:\AppServ\www\yatalae\Font\iris.php
FileModTime:1212840000
%EndFont

%BeginFont
Handler:DirectoryHandler
FontType:Invalid
OutlineFileName:C:\AppServ\www\yatalae\Font\iris.z
FileModTime:1212840000
%EndFont

%BeginFont
Handler:DirectoryHandler
FontType:Invalid
OutlineFileName:C:\AppServ\www\yatalae\Font\irisb.php
FileModTime:1212840000
%EndFont

%BeginFont
Handler:DirectoryHandler
FontType:Invalid
OutlineFileName:C:\AppServ\www\yatalae\Font\irisb.z
FileModTime:1212840000
%EndFont

%BeginFont
Handler:DirectoryHandler
FontType:Invalid
OutlineFileName:C:\AppServ\www\yatalae\Font\irisi.php
FileModTime:1212840000
%EndFont

%BeginFont
Handler:DirectoryHandler
FontType:Invalid
OutlineFileName:C:\AppServ\www\yatalae\Font\irisi.z
FileModTime:1212840000
%EndFont

%BeginFont
Handler:DirectoryHandler
FontType:Invalid
OutlineFileName:C:\AppServ\www\yatalae\Font\irisz.php
FileModTime:1212840000
%EndFont

%BeginFont
Handler:DirectoryHandler
FontType:Invalid
OutlineFileName:C:\AppServ\www\yatalae\Font\irisz.z
FileModTime:1212840000
%EndFont

%BeginFont
Handler:DirectoryHandler
FontType:Invalid
OutlineFileName:C:\AppServ\www\yatalae\Font\jasm.php
FileModTime:1212840000
%EndFont

%BeginFont
Handler:DirectoryHandler
FontType:Invalid
OutlineFileName:C:\AppServ\www\yatalae\Font\jasm.z
FileModTime:1212840000
%EndFont

%BeginFont
Handler:DirectoryHandler
FontType:Invalid
OutlineFileName:C:\AppServ\www\yatalae\Font\jasmb.php
FileModTime:1212840000
%EndFont

%BeginFont
Handler:DirectoryHandler
FontType:Invalid
OutlineFileName:C:\AppServ\www\yatalae\Font\jasmb.z
FileModTime:1212840000
%EndFont

%BeginFont
Handler:DirectoryHandler
FontType:Invalid
OutlineFileName:C:\AppServ\www\yatalae\Font\jasmi.php
FileModTime:1212840000
%EndFont

%BeginFont
Handler:DirectoryHandler
FontType:Invalid
OutlineFileName:C:\AppServ\www\yatalae\Font\jasmi.z
FileModTime:1212840000
%EndFont

%BeginFont
Handler:DirectoryHandler
FontType:Invalid
OutlineFileName:C:\AppServ\www\yatalae\Font\jasmz.php
FileModTime:1212840000
%EndFont

%BeginFont
Handler:DirectoryHandler
FontType:Invalid
OutlineFileName:C:\AppServ\www\yatalae\Font\jasmz.z
FileModTime:1212840000
%EndFont

%BeginFont
Handler:DirectoryHandler
FontType:Invalid
OutlineFileName:C:\AppServ\www\yatalae\Font\kodc.php
FileModTime:1212840000
%EndFont

%BeginFont
Handler:DirectoryHandler
FontType:Invalid
OutlineFileName:C:\AppServ\www\yatalae\Font\kodc.z
FileModTime:1212840000
%EndFont

%BeginFont
Handler:DirectoryHandler
FontType:Invalid
OutlineFileName:C:\AppServ\www\yatalae\Font\kodcb.php
FileModTime:1212840000
%EndFont

%BeginFont
Handler:DirectoryHandler
FontType:Invalid
OutlineFileName:C:\AppServ\www\yatalae\Font\kodcb.z
FileModTime:1212840000
%EndFont

%BeginFont
Handler:DirectoryHandler
FontType:Invalid
OutlineFileName:C:\AppServ\www\yatalae\Font\kodci.php
FileModTime:1212840000
%EndFont

%BeginFont
Handler:DirectoryHandler
FontType:Invalid
OutlineFileName:C:\AppServ\www\yatalae\Font\kodci.z
FileModTime:1212840000
%EndFont

%BeginFont
Handler:DirectoryHandler
FontType:Invalid
OutlineFileName:C:\AppServ\www\yatalae\Font\kodcz.php
FileModTime:1212840000
%EndFont

%BeginFont
Handler:DirectoryHandler
FontType:Invalid
OutlineFileName:C:\AppServ\www\yatalae\Font\kodcz.z
FileModTime:1212840000
%EndFont

%BeginFont
Handler:DirectoryHandler
FontType:Invalid
OutlineFileName:C:\AppServ\www\yatalae\Font\kohmu.php
FileModTime:1212840000
%EndFont

%BeginFont
Handler:DirectoryHandler
FontType:Invalid
OutlineFileName:C:\AppServ\www\yatalae\Font\kohmu.z
FileModTime:1212840000
%EndFont

%BeginFont
Handler:DirectoryHandler
FontType:Invalid
OutlineFileName:C:\AppServ\www\yatalae\Font\kohmu2.php
FileModTime:1212840000
%EndFont

%BeginFont
Handler:DirectoryHandler
FontType:Invalid
OutlineFileName:C:\AppServ\www\yatalae\Font\kohmu2.z
FileModTime:1212840000
%EndFont

%BeginFont
Handler:DirectoryHandler
FontType:Invalid
OutlineFileName:C:\AppServ\www\yatalae\Font\kohmu3.php
FileModTime:1212840000
%EndFont

%BeginFont
Handler:DirectoryHandler
FontType:Invalid
OutlineFileName:C:\AppServ\www\yatalae\Font\kohmu3.z
FileModTime:1212840000
%EndFont

%BeginFont
Handler:DirectoryHandler
FontType:Invalid
OutlineFileName:C:\AppServ\www\yatalae\Font\lily.php
FileModTime:1212840000
%EndFont

%BeginFont
Handler:DirectoryHandler
FontType:Invalid
OutlineFileName:C:\AppServ\www\yatalae\Font\lily.z
FileModTime:1212840000
%EndFont

%BeginFont
Handler:DirectoryHandler
FontType:Invalid
OutlineFileName:C:\AppServ\www\yatalae\Font\lilyb.php
FileModTime:1212840000
%EndFont

%BeginFont
Handler:DirectoryHandler
FontType:Invalid
OutlineFileName:C:\AppServ\www\yatalae\Font\lilyb.z
FileModTime:1212840000
%EndFont

%BeginFont
Handler:DirectoryHandler
FontType:Invalid
OutlineFileName:C:\AppServ\www\yatalae\Font\lilyi.php
FileModTime:1212840000
%EndFont

%BeginFont
Handler:DirectoryHandler
FontType:Invalid
OutlineFileName:C:\AppServ\www\yatalae\Font\lilyi.z
FileModTime:1212840000
%EndFont

%BeginFont
Handler:DirectoryHandler
FontType:Invalid
OutlineFileName:C:\AppServ\www\yatalae\Font\lilyz.php
FileModTime:1212840000
%EndFont

%BeginFont
Handler:DirectoryHandler
FontType:Invalid
OutlineFileName:C:\AppServ\www\yatalae\Font\lilyz.z
FileModTime:1212840000
%EndFont

%BeginFont
Handler:DirectoryHandler
FontType:Invalid
OutlineFileName:C:\AppServ\www\yatalae\Font\micross.php
FileModTime:1212840000
%EndFont

%BeginFont
Handler:DirectoryHandler
FontType:Invalid
OutlineFileName:C:\AppServ\www\yatalae\Font\micross.z
FileModTime:1212840000
%EndFont

%BeginFont
Handler:DirectoryHandler
FontType:Invalid
OutlineFileName:C:\AppServ\www\yatalae\Font\plecara.php
FileModTime:1212840000
%EndFont

%BeginFont
Handler:DirectoryHandler
FontType:Invalid
OutlineFileName:C:\AppServ\www\yatalae\Font\plecara.z
FileModTime:1212840000
%EndFont

%BeginFont
Handler:DirectoryHandler
FontType:Invalid
OutlineFileName:C:\AppServ\www\yatalae\Font\plecare.php
FileModTime:1212840000
%EndFont

%BeginFont
Handler:DirectoryHandler
FontType:Invalid
OutlineFileName:C:\AppServ\www\yatalae\Font\plecare.z
FileModTime:1212840000
%EndFont

%BeginFont
Handler:DirectoryHandler
FontType:Invalid
OutlineFileName:C:\AppServ\www\yatalae\Font\plecareb.php
FileModTime:1212840000
%EndFont

%BeginFont
Handler:DirectoryHandler
FontType:Invalid
OutlineFileName:C:\AppServ\www\yatalae\Font\plecareb.z
FileModTime:1212840000
%EndFont

%BeginFont
Handler:DirectoryHandler
FontType:Invalid
OutlineFileName:C:\AppServ\www\yatalae\Font\plejoy.php
FileModTime:1212840000
%EndFont

%BeginFont
Handler:DirectoryHandler
FontType:Invalid
OutlineFileName:C:\AppServ\www\yatalae\Font\plejoy.z
FileModTime:1212840000
%EndFont

%BeginFont
Handler:DirectoryHandler
FontType:Invalid
OutlineFileName:C:\AppServ\www\yatalae\Font\pletom.php
FileModTime:1212840000
%EndFont

%BeginFont
Handler:DirectoryHandler
FontType:Invalid
OutlineFileName:C:\AppServ\www\yatalae\Font\pletom.z
FileModTime:1212840000
%EndFont

%BeginFont
Handler:DirectoryHandler
FontType:Invalid
OutlineFileName:C:\AppServ\www\yatalae\Font\pletomb.php
FileModTime:1212840000
%EndFont

%BeginFont
Handler:DirectoryHandler
FontType:Invalid
OutlineFileName:C:\AppServ\www\yatalae\Font\pletomb.z
FileModTime:1212840000
%EndFont

%BeginFont
Handler:DirectoryHandler
FontType:Invalid
OutlineFileName:C:\AppServ\www\yatalae\Font\pletomo.php
FileModTime:1212840000
%EndFont

%BeginFont
Handler:DirectoryHandler
FontType:Invalid
OutlineFileName:C:\AppServ\www\yatalae\Font\pletomo.z
FileModTime:1212840000
%EndFont

%BeginFont
Handler:DirectoryHandler
FontType:Invalid
OutlineFileName:C:\AppServ\www\yatalae\Font\pletomw.php
FileModTime:1212840000
%EndFont

%BeginFont
Handler:DirectoryHandler
FontType:Invalid
OutlineFileName:C:\AppServ\www\yatalae\Font\pletomw.z
FileModTime:1212840000
%EndFont

%BeginFont
Handler:DirectoryHandler
FontType:Invalid
OutlineFileName:C:\AppServ\www\yatalae\Font\symbol.php
FileModTime:1212840000
%EndFont

%BeginFont
Handler:DirectoryHandler
FontType:Invalid
OutlineFileName:C:\AppServ\www\yatalae\Font\tahoma.php
FileModTime:1212840000
%EndFont

%BeginFont
Handler:DirectoryHandler
FontType:Invalid
OutlineFileName:C:\AppServ\www\yatalae\Font\tahoma.z
FileModTime:1212840000
%EndFont

%BeginFont
Handler:DirectoryHandler
FontType:Invalid
OutlineFileName:C:\AppServ\www\yatalae\Font\tahomab.php
FileModTime:1212840000
%EndFont

%BeginFont
Handler:DirectoryHandler
FontType:Invalid
OutlineFileName:C:\AppServ\www\yatalae\Font\tahomab.z
FileModTime:1212840000
%EndFont

%BeginFont
Handler:DirectoryHandler
FontType:Invalid
OutlineFileName:C:\AppServ\www\yatalae\Font\times.php
FileModTime:1212840000
%EndFont

%BeginFont
Handler:DirectoryHandler
FontType:Invalid
OutlineFileName:C:\AppServ\www\yatalae\Font\timesb.php
FileModTime:1212840000
%EndFont

%BeginFont
Handler:DirectoryHandler
FontType:Invalid
OutlineFileName:C:\AppServ\www\yatalae\Font\timesbi.php
FileModTime:1212840000
%EndFont

%BeginFont
Handler:DirectoryHandler
FontType:Invalid
OutlineFileName:C:\AppServ\www\yatalae\Font\timesi.php
FileModTime:1212840000
%EndFont

%BeginFont
Handler:DirectoryHandler
FontType:Invalid
OutlineFileName:C:\AppServ\www\yatalae\Font\zapfdingbats.php
FileModTime:1212840000
%EndFont

